// Jest Snapshot v1, https://goo.gl/fbAQLP

exports[`AddJogsPage test 1`] = `
<div
  className="add-jogs-container"
>
  <div
    className="add-jogs-container__window"
  >
    <a
      href="/jogs"
      onClick={[Function]}
    >
      <svg
        className="add-jogs-container__window-cross"
      >
        cancel.svg
      </svg>
    </a>
    <div
      className="add-jogs-container__window-form"
    >
      <div
        className="add-jogs-container__window-form__inputs"
      >
        <label
          htmlFor="Distance"
        >
          Distance
        </label>
        <input
          id="Distance"
          onChange={[Function]}
          type="number"
        />
        <label
          htmlFor="Time"
        >
          Time
        </label>
        <input
          id="Time"
          onChange={[Function]}
          type="number"
        />
        <label
          htmlFor="Date"
        >
          Date
        </label>
        <input
          id="Date"
          onChange={[Function]}
          type="date"
        />
      </div>
      <button
        className="add-jogs-container__window-form__button"
        onClick={[Function]}
      >
        <span>
          Update
        </span>
      </button>
    </div>
  </div>
</div>
`;
